================================================================================
  APEX Session Log
  Target  : https://ptis.scipl.info.in/en/
  Started : 2026-10-08 15:14:18
  Log Dir : C:\Users\Pravin.Tambe\Downloads\AI-Pestest-Bot-main\AI-Pestest-Bot-main\logs\sessions\20261008_151418_ptis.scipl.info.in
=
  APEX Session Log
  Target  : https://ptis.scipl.info.in/en/
  Started : 2026-10-08 15:14:18
  Log Dir : C:\Users\Pravin.Tambe\Downloads\AI-Pestest-Bot-main\AI-Pestest-Bot-main\logs\sessions\20261008_151418_ptis.scipl.info.in
=
  APEX Session Log
  Target  : https://ptis.scipl.info.in/en/
  Started : 2026-10-08 15:14:18
  Log Dir : C:\Users\Pravin.Tambe\Downloads\AI-Pestest-Bot-main\AI-Pestest-Bot-main\logs\sessions\20261008_151418_ptis.scipl.info.in
=
  APEX Session Log
  Target  : https://ptis.scipl.info.in/en/
  Started : 2026-10-08 15:14:18
  Log Dir : C:\Users\Pravin.Tambe\Downloads\AI-Pestest-Bot-main\AI-Pestest-Bot-main\logs\sessions\20261008_151418_ptis.scipl.info.in
=
  APEX Session Log
  Target  : https://ptis.scipl.info.in/en/
  Started : 2026-10-08 15:14:18
  Log Dir : C:\Users\Pravin.Tambe\Downloads\AI-Pestest-Bot-main\AI-Pestest-Bot-main\logs\sessions\20261008_151418_ptis.scipl.info.in
=
  APEX Session Log
  Target  : https://ptis.scipl.info.in/en/
  Started : 2026-10-08 15:14:18
  Log Dir : C:\Users\Pravin.Tambe\Downloads\AI-Pestest-Bot-main\AI-Pestest-Bot-main\logs\sessions\20261008_151418_ptis.scipl.info.in
=
  APEX Session Log
  Target  : https://ptis.scipl.info.in/en/
  Started : 2026-10-08 15:14:18
  Log Dir : C:\Users\Pravin.Tambe\Downloads\AI-Pestest-Bot-main\AI-Pestest-Bot-main\logs\sessions\20261008_151418_ptis.scipl.info.in
=
  APEX Session Log
  Target  : https://ptis.scipl.info.in/en/
  Started : 2026-10-08 15:14:18
  Log Dir : C:\Users\Pravin.Tambe\Downloads\AI-Pestest-Bot-main\AI-Pestest-Bot-main\logs\sessions\20261008_151418_ptis.scipl.info.in
=
  APEX Session Log
  Target  : https://ptis.scipl.info.in/en/
  Started : 2026-10-08 15:14:18
  Log Dir : C:\Users\Pravin.Tambe\Downloads\AI-Pestest-Bot-main\AI-Pestest-Bot-main\logs\sessions\20261008_151418_ptis.scipl.info.in
=
  APEX Session Log
  Target  : https://ptis.scipl.info.in/en/
  Started : 2026-10-08 15:14:18
  Log Dir : C:\Users\Pravin.Tambe\Downloads\AI-Pestest-Bot-main\AI-Pestest-Bot-main\logs\sessions\20261008_151418_ptis.scipl.info.in
=
  APEX Session Log
  Target  : https://ptis.scipl.info.in/en/
  Started : 2026-10-08 15:14:18
  Log Dir : C:\Users\Pravin.Tambe\Downloads\AI-Pestest-Bot-main\AI-Pestest-Bot-main\logs\sessions\20261008_151418_ptis.scipl.info.in
=
  APEX Session Log
  Target  : https://ptis.scipl.info.in/en/
  Started : 2026-10-08 15:14:18
  Log Dir : C:\Users\Pravin.Tambe\Downloads\AI-Pestest-Bot-main\AI-Pestest-Bot-main\logs\sessions\20261008_151418_ptis.scipl.info.in
=
  APEX Session Log
  Target  : https://ptis.scipl.info.in/en/
  Started : 2026-10-08 15:14:18
  Log Dir : C:\Users\Pravin.Tambe\Downloads\AI-Pestest-Bot-main\AI-Pestest-Bot-main\logs\sessions\20261008_151418_ptis.scipl.info.in
=
  APEX Session Log
  Target  : https://ptis.scipl.info.in/en/
  Started : 2026-10-08 15:14:18
  Log Dir : C:\Users\Pravin.Tambe\Downloads\AI-Pestest-Bot-main\AI-Pestest-Bot-main\logs\sessions\20261008_151418_ptis.scipl.info.in
=
  APEX Session Log
  Target  : https://ptis.scipl.info.in/en/
  Started : 2026-10-08 15:14:18
  Log Dir : C:\Users\Pravin.Tambe\Downloads\AI-Pestest-Bot-main\AI-Pestest-Bot-main\logs\sessions\20261008_151418_ptis.scipl.info.in
=
  APEX Session Log
  Target  : https://ptis.scipl.info.in/en/
  Started : 2026-10-08 15:14:18
  Log Dir : C:\Users\Pravin.Tambe\Downloads\AI-Pestest-Bot-main\AI-Pestest-Bot-main\logs\sessions\20261008_151418_ptis.scipl.info.in
=
  APEX Session Log
  Target  : https://ptis.scipl.info.in/en/
  Started : 2026-10-08 15:14:18
  Log Dir : C:\Users\Pravin.Tambe\Downloads\AI-Pestest-Bot-main\AI-Pestest-Bot-main\logs\sessions\20261008_151418_ptis.scipl.info.in
=
  APEX Session Log
  Target  : https://ptis.scipl.info.in/en/
  Started : 2026-10-08 15:14:18
  Log Dir : C:\Users\Pravin.Tambe\Downloads\AI-Pestest-Bot-main\AI-Pestest-Bot-main\logs\sessions\20261008_151418_ptis.scipl.info.in
=
  APEX Session Log
  Target  : https://ptis.scipl.info.in/en/
  Started : 2026-10-08 15:14:18
  Log Dir : C:\Users\Pravin.Tambe\Downloads\AI-Pestest-Bot-main\AI-Pestest-Bot-main\logs\sessions\20261008_151418_ptis.scipl.info.in
=
  APEX Session Log
  Target  : https://ptis.scipl.info.in/en/
  Started : 2026-10-08 15:14:18
  Log Dir : C:\Users\Pravin.Tambe\Downloads\AI-Pestest-Bot-main\AI-Pestest-Bot-main\logs\sessions\20261008_151418_ptis.scipl.info.in
=
  APEX Session Log
  Target  : https://ptis.scipl.info.in/en/
  Started : 2026-10-08 15:14:18
  Log Dir : C:\Users\Pravin.Tambe\Downloads\AI-Pestest-Bot-main\AI-Pestest-Bot-main\logs\sessions\20261008_151418_ptis.scipl.info.in
=
  APEX Session Log
  Target  : https://ptis.scipl.info.in/en/
  Started : 2026-10-08 15:14:18
  Log Dir : C:\Users\Pravin.Tambe\Downloads\AI-Pestest-Bot-main\AI-Pestest-Bot-main\logs\sessions\20261008_151418_ptis.scipl.info.in
=
  APEX Session Log
  Target  : https://ptis.scipl.info.in/en/
  Started : 2026-10-08 15:14:18
  Log Dir : C:\Users\Pravin.Tambe\Downloads\AI-Pestest-Bot-main\AI-Pestest-Bot-main\logs\sessions\20261008_151418_ptis.scipl.info.in
=
  APEX Session Log
  Target  : https://ptis.scipl.info.in/en/
  Started : 2026-10-08 15:14:18
  Log Dir : C:\Users\Pravin.Tambe\Downloads\AI-Pestest-Bot-main\AI-Pestest-Bot-main\logs\sessions\20261008_151418_ptis.scipl.info.in
=
  APEX Session Log
  Target  : https://ptis.scipl.info.in/en/
  Started : 2026-10-08 15:14:18
  Log Dir : C:\Users\Pravin.Tambe\Downloads\AI-Pestest-Bot-main\AI-Pestest-Bot-main\logs\sessions\20261008_151418_ptis.scipl.info.in
=
  APEX Session Log
  Target  : https://ptis.scipl.info.in/en/
  Started : 2026-10-08 15:14:18
  Log Dir : C:\Users\Pravin.Tambe\Downloads\AI-Pestest-Bot-main\AI-Pestest-Bot-main\logs\sessions\20261008_151418_ptis.scipl.info.in
=
  APEX Session Log
  Target  : https://ptis.scipl.info.in/en/
  Started : 2026-10-08 15:14:18
  Log Dir : C:\Users\Pravin.Tambe\Downloads\AI-Pestest-Bot-main\AI-Pestest-Bot-main\logs\sessions\20261008_151418_ptis.scipl.info.in
=
  APEX Session Log
  Target  : https://ptis.scipl.info.in/en/
  Started : 2026-10-08 15:14:18
  Log Dir : C:\Users\Pravin.Tambe\Downloads\AI-Pestest-Bot-main\AI-Pestest-Bot-main\logs\sessions\20261008_151418_ptis.scipl.info.in
=
  APEX Session Log
  Target  : https://ptis.scipl.info.in/en/
  Started : 2026-10-08 15:14:18
  Log Dir : C:\Users\Pravin.Tambe\Downloads\AI-Pestest-Bot-main\AI-Pestest-Bot-main\logs\sessions\20261008_151418_ptis.scipl.info.in
=
  APEX Session Log
  Target  : https://ptis.scipl.info.in/en/
  Started : 2026-10-08 15:14:18
  Log Dir : C:\Users\Pravin.Tambe\Downloads\AI-Pestest-Bot-main\AI-Pestest-Bot-main\logs\sessions\20261008_151418_ptis.scipl.info.in
=
  APEX Session Log
  Target  : https://ptis.scipl.info.in/en/
  Started : 2026-10-08 15:14:18
  Log Dir : C:\Users\Pravin.Tambe\Downloads\AI-Pestest-Bot-main\AI-Pestest-Bot-main\logs\sessions\20261008_151418_ptis.scipl.info.in
=
  APEX Session Log
  Target  : https://ptis.scipl.info.in/en/
  Started : 2026-10-08 15:14:18
  Log Dir : C:\Users\Pravin.Tambe\Downloads\AI-Pestest-Bot-main\AI-Pestest-Bot-main\logs\sessions\20261008_151418_ptis.scipl.info.in
=
  APEX Session Log
  Target  : https://ptis.scipl.info.in/en/
  Started : 2026-10-08 15:14:18
  Log Dir : C:\Users\Pravin.Tambe\Downloads\AI-Pestest-Bot-main\AI-Pestest-Bot-main\logs\sessions\20261008_151418_ptis.scipl.info.in
=
  APEX Session Log
  Target  : https://ptis.scipl.info.in/en/
  Started : 2026-10-08 15:14:18
  Log Dir : C:\Users\Pravin.Tambe\Downloads\AI-Pestest-Bot-main\AI-Pestest-Bot-main\logs\sessions\20261008_151418_ptis.scipl.info.in
=
  APEX Session Log
  Target  : https://ptis.scipl.info.in/en/
  Started : 2026-10-08 15:14:18
  Log Dir : C:\Users\Pravin.Tambe\Downloads\AI-Pestest-Bot-main\AI-Pestest-Bot-main\logs\sessions\20261008_151418_ptis.scipl.info.in
=
  APEX Session Log
  Target  : https://ptis.scipl.info.in/en/
  Started : 2026-10-08 15:14:18
  Log Dir : C:\Users\Pravin.Tambe\Downloads\AI-Pestest-Bot-main\AI-Pestest-Bot-main\logs\sessions\20261008_151418_ptis.scipl.info.in
=
  APEX Session Log
  Target  : https://ptis.scipl.info.in/en/
  Started : 2026-10-08 15:14:18
  Log Dir : C:\Users\Pravin.Tambe\Downloads\AI-Pestest-Bot-main\AI-Pestest-Bot-main\logs\sessions\20261008_151418_ptis.scipl.info.in
=
  APEX Session Log
  Target  : https://ptis.scipl.info.in/en/
  Started : 2026-10-08 15:14:18
  Log Dir : C:\Users\Pravin.Tambe\Downloads\AI-Pestest-Bot-main\AI-Pestest-Bot-main\logs\sessions\20261008_151418_ptis.scipl.info.in
=
  APEX Session Log
  Target  : https://ptis.scipl.info.in/en/
  Started : 2026-10-08 15:14:18
  Log Dir : C:\Users\Pravin.Tambe\Downloads\AI-Pestest-Bot-main\AI-Pestest-Bot-main\logs\sessions\20261008_151418_ptis.scipl.info.in
=
  APEX Session Log
  Target  : https://ptis.scipl.info.in/en/
  Started : 2026-10-08 15:14:18
  Log Dir : C:\Users\Pravin.Tambe\Downloads\AI-Pestest-Bot-main\AI-Pestest-Bot-main\logs\sessions\20261008_151418_ptis.scipl.info.in
=
  APEX Session Log
  Target  : https://ptis.scipl.info.in/en/
  Started : 2026-10-08 15:14:18
  Log Dir : C:\Users\Pravin.Tambe\Downloads\AI-Pestest-Bot-main\AI-Pestest-Bot-main\logs\sessions\20261008_151418_ptis.scipl.info.in
=
  APEX Session Log
  Target  : https://ptis.scipl.info.in/en/
  Started : 2026-10-08 15:14:18
  Log Dir : C:\Users\Pravin.Tambe\Downloads\AI-Pestest-Bot-main\AI-Pestest-Bot-main\logs\sessions\20261008_151418_ptis.scipl.info.in
=
  APEX Session Log
  Target  : https://ptis.scipl.info.in/en/
  Started : 2026-10-08 15:14:18
  Log Dir : C:\Users\Pravin.Tambe\Downloads\AI-Pestest-Bot-main\AI-Pestest-Bot-main\logs\sessions\20261008_151418_ptis.scipl.info.in
=
  APEX Session Log
  Target  : https://ptis.scipl.info.in/en/
  Started : 2026-10-08 15:14:18
  Log Dir : C:\Users\Pravin.Tambe\Downloads\AI-Pestest-Bot-main\AI-Pestest-Bot-main\logs\sessions\20261008_151418_ptis.scipl.info.in
=
  APEX Session Log
  Target  : https://ptis.scipl.info.in/en/
  Started : 2026-10-08 15:14:18
  Log Dir : C:\Users\Pravin.Tambe\Downloads\AI-Pestest-Bot-main\AI-Pestest-Bot-main\logs\sessions\20261008_151418_ptis.scipl.info.in
=
  APEX Session Log
  Target  : https://ptis.scipl.info.in/en/
  Started : 2026-10-08 15:14:18
  Log Dir : C:\Users\Pravin.Tambe\Downloads\AI-Pestest-Bot-main\AI-Pestest-Bot-main\logs\sessions\20261008_151418_ptis.scipl.info.in
=
  APEX Session Log
  Target  : https://ptis.scipl.info.in/en/
  Started : 2026-10-08 15:14:18
  Log Dir : C:\Users\Pravin.Tambe\Downloads\AI-Pestest-Bot-main\AI-Pestest-Bot-main\logs\sessions\20261008_151418_ptis.scipl.info.in
=
  APEX Session Log
  Target  : https://ptis.scipl.info.in/en/
  Started : 2026-10-08 15:14:18
  Log Dir : C:\Users\Pravin.Tambe\Downloads\AI-Pestest-Bot-main\AI-Pestest-Bot-main\logs\sessions\20261008_151418_ptis.scipl.info.in
=
  APEX Session Log
  Target  : https://ptis.scipl.info.in/en/
  Started : 2026-10-08 15:14:18
  Log Dir : C:\Users\Pravin.Tambe\Downloads\AI-Pestest-Bot-main\AI-Pestest-Bot-main\logs\sessions\20261008_151418_ptis.scipl.info.in
=
  APEX Session Log
  Target  : https://ptis.scipl.info.in/en/
  Started : 2026-10-08 15:14:18
  Log Dir : C:\Users\Pravin.Tambe\Downloads\AI-Pestest-Bot-main\AI-Pestest-Bot-main\logs\sessions\20261008_151418_ptis.scipl.info.in
=
  APEX Session Log
  Target  : https://ptis.scipl.info.in/en/
  Started : 2026-10-08 15:14:18
  Log Dir : C:\Users\Pravin.Tambe\Downloads\AI-Pestest-Bot-main\AI-Pestest-Bot-main\logs\sessions\20261008_151418_ptis.scipl.info.in
=
  APEX Session Log
  Target  : https://ptis.scipl.info.in/en/
  Started : 2026-10-08 15:14:18
  Log Dir : C:\Users\Pravin.Tambe\Downloads\AI-Pestest-Bot-main\AI-Pestest-Bot-main\logs\sessions\20261008_151418_ptis.scipl.info.in
=
  APEX Session Log
  Target  : https://ptis.scipl.info.in/en/
  Started : 2026-10-08 15:14:18
  Log Dir : C:\Users\Pravin.Tambe\Downloads\AI-Pestest-Bot-main\AI-Pestest-Bot-main\logs\sessions\20261008_151418_ptis.scipl.info.in
=
  APEX Session Log
  Target  : https://ptis.scipl.info.in/en/
  Started : 2026-10-08 15:14:18
  Log Dir : C:\Users\Pravin.Tambe\Downloads\AI-Pestest-Bot-main\AI-Pestest-Bot-main\logs\sessions\20261008_151418_ptis.scipl.info.in
=
  APEX Session Log
  Target  : https://ptis.scipl.info.in/en/
  Started : 2026-10-08 15:14:18
  Log Dir : C:\Users\Pravin.Tambe\Downloads\AI-Pestest-Bot-main\AI-Pestest-Bot-main\logs\sessions\20261008_151418_ptis.scipl.info.in
=
  APEX Session Log
  Target  : https://ptis.scipl.info.in/en/
  Started : 2026-10-08 15:14:18
  Log Dir : C:\Users\Pravin.Tambe\Downloads\AI-Pestest-Bot-main\AI-Pestest-Bot-main\logs\sessions\20261008_151418_ptis.scipl.info.in
=
  APEX Session Log
  Target  : https://ptis.scipl.info.in/en/
  Started : 2026-10-08 15:14:18
  Log Dir : C:\Users\Pravin.Tambe\Downloads\AI-Pestest-Bot-main\AI-Pestest-Bot-main\logs\sessions\20261008_151418_ptis.scipl.info.in
=
  APEX Session Log
  Target  : https://ptis.scipl.info.in/en/
  Started : 2026-10-08 15:14:18
  Log Dir : C:\Users\Pravin.Tambe\Downloads\AI-Pestest-Bot-main\AI-Pestest-Bot-main\logs\sessions\20261008_151418_ptis.scipl.info.in
=
  APEX Session Log
  Target  : https://ptis.scipl.info.in/en/
  Started : 2026-10-08 15:14:18
  Log Dir : C:\Users\Pravin.Tambe\Downloads\AI-Pestest-Bot-main\AI-Pestest-Bot-main\logs\sessions\20261008_151418_ptis.scipl.info.in
=
  APEX Session Log
  Target  : https://ptis.scipl.info.in/en/
  Started : 2026-10-08 15:14:18
  Log Dir : C:\Users\Pravin.Tambe\Downloads\AI-Pestest-Bot-main\AI-Pestest-Bot-main\logs\sessions\20261008_151418_ptis.scipl.info.in
=
  APEX Session Log
  Target  : https://ptis.scipl.info.in/en/
  Started : 2026-10-08 15:14:18
  Log Dir : C:\Users\Pravin.Tambe\Downloads\AI-Pestest-Bot-main\AI-Pestest-Bot-main\logs\sessions\20261008_151418_ptis.scipl.info.in
=
  APEX Session Log
  Target  : https://ptis.scipl.info.in/en/
  Started : 2026-10-08 15:14:18
  Log Dir : C:\Users\Pravin.Tambe\Downloads\AI-Pestest-Bot-main\AI-Pestest-Bot-main\logs\sessions\20261008_151418_ptis.scipl.info.in
=
  APEX Session Log
  Target  : https://ptis.scipl.info.in/en/
  Started : 2026-10-08 15:14:18
  Log Dir : C:\Users\Pravin.Tambe\Downloads\AI-Pestest-Bot-main\AI-Pestest-Bot-main\logs\sessions\20261008_151418_ptis.scipl.info.in
=
  APEX Session Log
  Target  : https://ptis.scipl.info.in/en/
  Started : 2026-10-08 15:14:18
  Log Dir : C:\Users\Pravin.Tambe\Downloads\AI-Pestest-Bot-main\AI-Pestest-Bot-main\logs\sessions\20261008_151418_ptis.scipl.info.in
=
  APEX Session Log
  Target  : https://ptis.scipl.info.in/en/
  Started : 2026-10-08 15:14:18
  Log Dir : C:\Users\Pravin.Tambe\Downloads\AI-Pestest-Bot-main\AI-Pestest-Bot-main\logs\sessions\20261008_151418_ptis.scipl.info.in
=
  APEX Session Log
  Target  : https://ptis.scipl.info.in/en/
  Started : 2026-10-08 15:14:18
  Log Dir : C:\Users\Pravin.Tambe\Downloads\AI-Pestest-Bot-main\AI-Pestest-Bot-main\logs\sessions\20261008_151418_ptis.scipl.info.in
=
  APEX Session Log
  Target  : https://ptis.scipl.info.in/en/
  Started : 2026-10-08 15:14:18
  Log Dir : C:\Users\Pravin.Tambe\Downloads\AI-Pestest-Bot-main\AI-Pestest-Bot-main\logs\sessions\20261008_151418_ptis.scipl.info.in
=
  APEX Session Log
  Target  : https://ptis.scipl.info.in/en/
  Started : 2026-10-08 15:14:18
  Log Dir : C:\Users\Pravin.Tambe\Downloads\AI-Pestest-Bot-main\AI-Pestest-Bot-main\logs\sessions\20261008_151418_ptis.scipl.info.in
=
  APEX Session Log
  Target  : https://ptis.scipl.info.in/en/
  Started : 2026-10-08 15:14:18
  Log Dir : C:\Users\Pravin.Tambe\Downloads\AI-Pestest-Bot-main\AI-Pestest-Bot-main\logs\sessions\20261008_151418_ptis.scipl.info.in
=
  APEX Session Log
  Target  : https://ptis.scipl.info.in/en/
  Started : 2026-10-08 15:14:18
  Log Dir : C:\Users\Pravin.Tambe\Downloads\AI-Pestest-Bot-main\AI-Pestest-Bot-main\logs\sessions\20261008_151418_ptis.scipl.info.in
=
  APEX Session Log
  Target  : https://ptis.scipl.info.in/en/
  Started : 2026-10-08 15:14:18
  Log Dir : C:\Users\Pravin.Tambe\Downloads\AI-Pestest-Bot-main\AI-Pestest-Bot-main\logs\sessions\20261008_151418_ptis.scipl.info.in
=
  APEX Session Log
  Target  : https://ptis.scipl.info.in/en/
  Started : 2026-10-08 15:14:18
  Log Dir : C:\Users\Pravin.Tambe\Downloads\AI-Pestest-Bot-main\AI-Pestest-Bot-main\logs\sessions\20261008_151418_ptis.scipl.info.in
=
  APEX Session Log
  Target  : https://ptis.scipl.info.in/en/
  Started : 2026-10-08 15:14:18
  Log Dir : C:\Users\Pravin.Tambe\Downloads\AI-Pestest-Bot-main\AI-Pestest-Bot-main\logs\sessions\20261008_151418_ptis.scipl.info.in
=
  APEX Session Log
  Target  : https://ptis.scipl.info.in/en/
  Started : 2026-10-08 15:14:18
  Log Dir : C:\Users\Pravin.Tambe\Downloads\AI-Pestest-Bot-main\AI-Pestest-Bot-main\logs\sessions\20261008_151418_ptis.scipl.info.in
=
  APEX Session Log
  Target  : https://ptis.scipl.info.in/en/
  Started : 2026-10-08 15:14:18
  Log Dir : C:\Users\Pravin.Tambe\Downloads\AI-Pestest-Bot-main\AI-Pestest-Bot-main\logs\sessions\20261008_151418_ptis.scipl.info.in
=
  APEX Session Log
  Target  : https://ptis.scipl.info.in/en/
  Started : 2026-10-08 15:14:18
  Log Dir : C:\Users\Pravin.Tambe\Downloads\AI-Pestest-Bot-main\AI-Pestest-Bot-main\logs\sessions\20261008_151418_ptis.scipl.info.in
=
  APEX Session Log
  Target  : https://ptis.scipl.info.in/en/
  Started : 2026-10-08 15:14:18
  Log Dir : C:\Users\Pravin.Tambe\Downloads\AI-Pestest-Bot-main\AI-Pestest-Bot-main\logs\sessions\20261008_151418_ptis.scipl.info.in
=
  APEX Session Log
  Target  : https://ptis.scipl.info.in/en/
  Started : 2026-10-08 15:14:18
  Log Dir : C:\Users\Pravin.Tambe\Downloads\AI-Pestest-Bot-main\AI-Pestest-Bot-main\logs\sessions\20261008_151418_ptis.scipl.info.in
=
  APEX Session Log
  Target  : https://ptis.scipl.info.in/en/
  Started : 2026-10-08 15:14:18
  Log Dir : C:\Users\Pravin.Tambe\Downloads\AI-Pestest-Bot-main\AI-Pestest-Bot-main\logs\sessions\20261008_151418_ptis.scipl.info.in
=
  APEX Session Log
  Target  : https://ptis.scipl.info.in/en/
  Started : 2026-10-08 15:14:18
  Log Dir : C:\Users\Pravin.Tambe\Downloads\AI-Pestest-Bot-main\AI-Pestest-Bot-main\logs\sessions\20261008_151418_ptis.scipl.info.in
=

[LOGGER] Session logging active -> logs\sessions\20261008_151418_ptis.scipl.info.in

────────────────────────────────────────────────────────────────────────────────────────────────────
                                                       _                                            
                                                       \                                            
                            \         ___  ___  ___  _ _  ___   _  ___  _ _ _  _  _ _               
                           |\       / __>|_ _|| __>| | || __> | || . \| | | || || \ |               
                           /|       \__ \ | | | _> | ' || _>  | ||   /| | | || ||   |               
                          /'|       <___/ |_| |___>|__/ |___> |_||_\_\|__/_/ |_||_\_|               
                                    ,' //                         We will                           
                                  ,'..`/                         Miss You                           
               /   '/                Still I want to see the Video             _...._.---._         
             /:   ,'                                                         .' ,--. ,--.  \        
        ,'    ,                                                           | /... /...|  |,..._      
       ,'    /                                   _..---------..__         \.\_O_/  O /  '     \     
      .'  _, /                 .---..._       ,-'  __.-.....__   '-  ___.-----._'---'     ,'  |     
      |-`'  (                  |       `--..,'_,-''   '.     `''"-._( .-.'.--.         _.'   /      
       |      \                 |  ,.__     /,'  |      |      \     \ | / |  /      ,,'  __ /      
        |     .`.               /  .'  _)--..'    |       |     '\     \`  ..--:`     _.--' \       
     |   .'  .-.__           |  |,-' _.-\      |       |      |     |`\''''''''_.-'   ,' (__...'    
        \         ,-`''-- =--::|   \-'|    |     |       |      |     | `'.....-' .,:-'  |  \       
         `.    ,  /  /     '`. |   |  |    |     |       |      |     |  \__.-` `..      \   \      
        '.  /  /  /         '|   |  |    [     |       |       |    |    ,       '._    |  |fsr     
           `.  /  | .--------'    `-. |   '     |       |       |    |,L______       `--..   \      
             ``.  | \               |-^---''".  |      |       .'    |.'      ``-..._         \     
                `.-..\.__...---....,'-.....--'`'"-........_____|.. `'                `'`--..../     
                                              A P E X                                               
                             AI REINFORCEMENT LEARNING PENTESTING AGENT                             
                                Session Started: 2026-10-08 15:14:18                                
────────────────────────────────────────────────────────────────────────────────────────────────────

┌──────────────────────────────────────────────────────────────────────────────────────────────────┐
│ TARGET INFORMATION                                                                                │
├──────────────────────────────────────────────────────────────────────────────────────────────────│
│ URL: https://ptis.scipl.info.in/en/                                                             │
│ Mode: LIVE                                                                                      │
│ Agent: RL-PPO Enhanced with Dynamic Analysis                                                      │
└──────────────────────────────────────────────────────────────────────────────────────────────────┘

======================================================================
AGENT PERSISTENT MEMORY & ACCUMULATED EXPERIENCE
======================================================================
  * Total Sessions Executed    : 16
  * Lifetime Experience Score  : 400.625
  * Best Session Score         : 2.000
  * Model Policy Weight Updates: Epoch #14
  * Known Target Applications  : 4
  * Discovered Endpoints Total : 6
  * Confirmed Findings Total   : 22
======================================================================

Loading trained model...
[*] Found Observation-Driven model: ./models/observation_model_final.zip
Successfully loaded: C:\Users\Pravin.Tambe\Downloads\AI-Pestest-Bot-main\AI-Pestest-Bot-main\models\observation_model_final.zip
Starting live test with model [Observation-Driven (16-D State)]: C:\Users\Pravin.Tambe\Downloads\AI-Pestest-Bot-main\AI-Pestest-Bot-main\models\observation_model_final.zip

────────────────────────────────────────────────────────────────────────────────────────────────────
🤖 AI STEP 01/10: DISCOVERY: AI-Powered Crawling │ Progress: [░░░░░░░░░░░░░░░░░░░░░░░░░░░░░░░░░░░░░░░░] 0.0%
────────────────────────────────────────────────────────────────────────────────────────────────────
Session Time: 0:00:08              │ Current Phase: DYNAMIC ANALYSIS
Agent Intelligence:
  Session Learning Score  : 0.000
  Lifetime Experience     : 400.625
  Confidence Score        : 0.000
Queue Status: 0 targets, 0 JS files pending
[CRAWLER] analyzing... Initializing...               [CRAWLER] mapping... Analyzing https://ptis.scipl.info.in/en/               [CRAWLER] discovering... Fetching JS 0obu87g1cptnb.js               [CRAWLER] learning... Fetching JS 0x.73w57rn4ou.js               [CRAWLER] understanding... Fetching JS 07yeu7gmzpqjj.js               [CRAWLER] extracting... Fetching JS 01bwkedv2ugm~.js               [CRAWLER] analyzing... Fetching JS 0-hrh_uw98wb_.js               [CRAWLER] mapping... AI analysis of https://ptis.scipl.info.in/en/               