================================================================================
  APEX Session Log
  Target  : http://127.0.0.1:5000
  Started : 2026-10-07 12:54:57
  Log Dir : C:\Users\Pravin.Tambe\Downloads\AI-Pestest-Bot-main\AI-Pestest-Bot-main\logs\sessions\20261007_125457_127.0.0.1_5000
=
  APEX Session Log
  Target  : http://127.0.0.1:5000
  Started : 2026-10-07 12:54:57
  Log Dir : C:\Users\Pravin.Tambe\Downloads\AI-Pestest-Bot-main\AI-Pestest-Bot-main\logs\sessions\20261007_125457_127.0.0.1_5000
=
  APEX Session Log
  Target  : http://127.0.0.1:5000
  Started : 2026-10-07 12:54:57
  Log Dir : C:\Users\Pravin.Tambe\Downloads\AI-Pestest-Bot-main\AI-Pestest-Bot-main\logs\sessions\20261007_125457_127.0.0.1_5000
=
  APEX Session Log
  Target  : http://127.0.0.1:5000
  Started : 2026-10-07 12:54:57
  Log Dir : C:\Users\Pravin.Tambe\Downloads\AI-Pestest-Bot-main\AI-Pestest-Bot-main\logs\sessions\20261007_125457_127.0.0.1_5000
=
  APEX Session Log
  Target  : http://127.0.0.1:5000
  Started : 2026-10-07 12:54:57
  Log Dir : C:\Users\Pravin.Tambe\Downloads\AI-Pestest-Bot-main\AI-Pestest-Bot-main\logs\sessions\20261007_125457_127.0.0.1_5000
=
  APEX Session Log
  Target  : http://127.0.0.1:5000
  Started : 2026-10-07 12:54:57
  Log Dir : C:\Users\Pravin.Tambe\Downloads\AI-Pestest-Bot-main\AI-Pestest-Bot-main\logs\sessions\20261007_125457_127.0.0.1_5000
=
  APEX Session Log
  Target  : http://127.0.0.1:5000
  Started : 2026-10-07 12:54:57
  Log Dir : C:\Users\Pravin.Tambe\Downloads\AI-Pestest-Bot-main\AI-Pestest-Bot-main\logs\sessions\20261007_125457_127.0.0.1_5000
=
  APEX Session Log
  Target  : http://127.0.0.1:5000
  Started : 2026-10-07 12:54:57
  Log Dir : C:\Users\Pravin.Tambe\Downloads\AI-Pestest-Bot-main\AI-Pestest-Bot-main\logs\sessions\20261007_125457_127.0.0.1_5000
=
  APEX Session Log
  Target  : http://127.0.0.1:5000
  Started : 2026-10-07 12:54:57
  Log Dir : C:\Users\Pravin.Tambe\Downloads\AI-Pestest-Bot-main\AI-Pestest-Bot-main\logs\sessions\20261007_125457_127.0.0.1_5000
=
  APEX Session Log
  Target  : http://127.0.0.1:5000
  Started : 2026-10-07 12:54:57
  Log Dir : C:\Users\Pravin.Tambe\Downloads\AI-Pestest-Bot-main\AI-Pestest-Bot-main\logs\sessions\20261007_125457_127.0.0.1_5000
=
  APEX Session Log
  Target  : http://127.0.0.1:5000
  Started : 2026-10-07 12:54:57
  Log Dir : C:\Users\Pravin.Tambe\Downloads\AI-Pestest-Bot-main\AI-Pestest-Bot-main\logs\sessions\20261007_125457_127.0.0.1_5000
=
  APEX Session Log
  Target  : http://127.0.0.1:5000
  Started : 2026-10-07 12:54:57
  Log Dir : C:\Users\Pravin.Tambe\Downloads\AI-Pestest-Bot-main\AI-Pestest-Bot-main\logs\sessions\20261007_125457_127.0.0.1_5000
=
  APEX Session Log
  Target  : http://127.0.0.1:5000
  Started : 2026-10-07 12:54:57
  Log Dir : C:\Users\Pravin.Tambe\Downloads\AI-Pestest-Bot-main\AI-Pestest-Bot-main\logs\sessions\20261007_125457_127.0.0.1_5000
=
  APEX Session Log
  Target  : http://127.0.0.1:5000
  Started : 2026-10-07 12:54:57
  Log Dir : C:\Users\Pravin.Tambe\Downloads\AI-Pestest-Bot-main\AI-Pestest-Bot-main\logs\sessions\20261007_125457_127.0.0.1_5000
=
  APEX Session Log
  Target  : http://127.0.0.1:5000
  Started : 2026-10-07 12:54:57
  Log Dir : C:\Users\Pravin.Tambe\Downloads\AI-Pestest-Bot-main\AI-Pestest-Bot-main\logs\sessions\20261007_125457_127.0.0.1_5000
=
  APEX Session Log
  Target  : http://127.0.0.1:5000
  Started : 2026-10-07 12:54:57
  Log Dir : C:\Users\Pravin.Tambe\Downloads\AI-Pestest-Bot-main\AI-Pestest-Bot-main\logs\sessions\20261007_125457_127.0.0.1_5000
=
  APEX Session Log
  Target  : http://127.0.0.1:5000
  Started : 2026-10-07 12:54:57
  Log Dir : C:\Users\Pravin.Tambe\Downloads\AI-Pestest-Bot-main\AI-Pestest-Bot-main\logs\sessions\20261007_125457_127.0.0.1_5000
=
  APEX Session Log
  Target  : http://127.0.0.1:5000
  Started : 2026-10-07 12:54:57
  Log Dir : C:\Users\Pravin.Tambe\Downloads\AI-Pestest-Bot-main\AI-Pestest-Bot-main\logs\sessions\20261007_125457_127.0.0.1_5000
=
  APEX Session Log
  Target  : http://127.0.0.1:5000
  Started : 2026-10-07 12:54:57
  Log Dir : C:\Users\Pravin.Tambe\Downloads\AI-Pestest-Bot-main\AI-Pestest-Bot-main\logs\sessions\20261007_125457_127.0.0.1_5000
=
  APEX Session Log
  Target  : http://127.0.0.1:5000
  Started : 2026-10-07 12:54:57
  Log Dir : C:\Users\Pravin.Tambe\Downloads\AI-Pestest-Bot-main\AI-Pestest-Bot-main\logs\sessions\20261007_125457_127.0.0.1_5000
=
  APEX Session Log
  Target  : http://127.0.0.1:5000
  Started : 2026-10-07 12:54:57
  Log Dir : C:\Users\Pravin.Tambe\Downloads\AI-Pestest-Bot-main\AI-Pestest-Bot-main\logs\sessions\20261007_125457_127.0.0.1_5000
=
  APEX Session Log
  Target  : http://127.0.0.1:5000
  Started : 2026-10-07 12:54:57
  Log Dir : C:\Users\Pravin.Tambe\Downloads\AI-Pestest-Bot-main\AI-Pestest-Bot-main\logs\sessions\20261007_125457_127.0.0.1_5000
=
  APEX Session Log
  Target  : http://127.0.0.1:5000
  Started : 2026-10-07 12:54:57
  Log Dir : C:\Users\Pravin.Tambe\Downloads\AI-Pestest-Bot-main\AI-Pestest-Bot-main\logs\sessions\20261007_125457_127.0.0.1_5000
=
  APEX Session Log
  Target  : http://127.0.0.1:5000
  Started : 2026-10-07 12:54:57
  Log Dir : C:\Users\Pravin.Tambe\Downloads\AI-Pestest-Bot-main\AI-Pestest-Bot-main\logs\sessions\20261007_125457_127.0.0.1_5000
=
  APEX Session Log
  Target  : http://127.0.0.1:5000
  Started : 2026-10-07 12:54:57
  Log Dir : C:\Users\Pravin.Tambe\Downloads\AI-Pestest-Bot-main\AI-Pestest-Bot-main\logs\sessions\20261007_125457_127.0.0.1_5000
=
  APEX Session Log
  Target  : http://127.0.0.1:5000
  Started : 2026-10-07 12:54:57
  Log Dir : C:\Users\Pravin.Tambe\Downloads\AI-Pestest-Bot-main\AI-Pestest-Bot-main\logs\sessions\20261007_125457_127.0.0.1_5000
=
  APEX Session Log
  Target  : http://127.0.0.1:5000
  Started : 2026-10-07 12:54:57
  Log Dir : C:\Users\Pravin.Tambe\Downloads\AI-Pestest-Bot-main\AI-Pestest-Bot-main\logs\sessions\20261007_125457_127.0.0.1_5000
=
  APEX Session Log
  Target  : http://127.0.0.1:5000
  Started : 2026-10-07 12:54:57
  Log Dir : C:\Users\Pravin.Tambe\Downloads\AI-Pestest-Bot-main\AI-Pestest-Bot-main\logs\sessions\20261007_125457_127.0.0.1_5000
=
  APEX Session Log
  Target  : http://127.0.0.1:5000
  Started : 2026-10-07 12:54:57
  Log Dir : C:\Users\Pravin.Tambe\Downloads\AI-Pestest-Bot-main\AI-Pestest-Bot-main\logs\sessions\20261007_125457_127.0.0.1_5000
=
  APEX Session Log
  Target  : http://127.0.0.1:5000
  Started : 2026-10-07 12:54:57
  Log Dir : C:\Users\Pravin.Tambe\Downloads\AI-Pestest-Bot-main\AI-Pestest-Bot-main\logs\sessions\20261007_125457_127.0.0.1_5000
=
  APEX Session Log
  Target  : http://127.0.0.1:5000
  Started : 2026-10-07 12:54:57
  Log Dir : C:\Users\Pravin.Tambe\Downloads\AI-Pestest-Bot-main\AI-Pestest-Bot-main\logs\sessions\20261007_125457_127.0.0.1_5000
=
  APEX Session Log
  Target  : http://127.0.0.1:5000
  Started : 2026-10-07 12:54:57
  Log Dir : C:\Users\Pravin.Tambe\Downloads\AI-Pestest-Bot-main\AI-Pestest-Bot-main\logs\sessions\20261007_125457_127.0.0.1_5000
=
  APEX Session Log
  Target  : http://127.0.0.1:5000
  Started : 2026-10-07 12:54:57
  Log Dir : C:\Users\Pravin.Tambe\Downloads\AI-Pestest-Bot-main\AI-Pestest-Bot-main\logs\sessions\20261007_125457_127.0.0.1_5000
=
  APEX Session Log
  Target  : http://127.0.0.1:5000
  Started : 2026-10-07 12:54:57
  Log Dir : C:\Users\Pravin.Tambe\Downloads\AI-Pestest-Bot-main\AI-Pestest-Bot-main\logs\sessions\20261007_125457_127.0.0.1_5000
=
  APEX Session Log
  Target  : http://127.0.0.1:5000
  Started : 2026-10-07 12:54:57
  Log Dir : C:\Users\Pravin.Tambe\Downloads\AI-Pestest-Bot-main\AI-Pestest-Bot-main\logs\sessions\20261007_125457_127.0.0.1_5000
=
  APEX Session Log
  Target  : http://127.0.0.1:5000
  Started : 2026-10-07 12:54:57
  Log Dir : C:\Users\Pravin.Tambe\Downloads\AI-Pestest-Bot-main\AI-Pestest-Bot-main\logs\sessions\20261007_125457_127.0.0.1_5000
=
  APEX Session Log
  Target  : http://127.0.0.1:5000
  Started : 2026-10-07 12:54:57
  Log Dir : C:\Users\Pravin.Tambe\Downloads\AI-Pestest-Bot-main\AI-Pestest-Bot-main\logs\sessions\20261007_125457_127.0.0.1_5000
=
  APEX Session Log
  Target  : http://127.0.0.1:5000
  Started : 2026-10-07 12:54:57
  Log Dir : C:\Users\Pravin.Tambe\Downloads\AI-Pestest-Bot-main\AI-Pestest-Bot-main\logs\sessions\20261007_125457_127.0.0.1_5000
=
  APEX Session Log
  Target  : http://127.0.0.1:5000
  Started : 2026-10-07 12:54:57
  Log Dir : C:\Users\Pravin.Tambe\Downloads\AI-Pestest-Bot-main\AI-Pestest-Bot-main\logs\sessions\20261007_125457_127.0.0.1_5000
=
  APEX Session Log
  Target  : http://127.0.0.1:5000
  Started : 2026-10-07 12:54:57
  Log Dir : C:\Users\Pravin.Tambe\Downloads\AI-Pestest-Bot-main\AI-Pestest-Bot-main\logs\sessions\20261007_125457_127.0.0.1_5000
=
  APEX Session Log
  Target  : http://127.0.0.1:5000
  Started : 2026-10-07 12:54:57
  Log Dir : C:\Users\Pravin.Tambe\Downloads\AI-Pestest-Bot-main\AI-Pestest-Bot-main\logs\sessions\20261007_125457_127.0.0.1_5000
=
  APEX Session Log
  Target  : http://127.0.0.1:5000
  Started : 2026-10-07 12:54:57
  Log Dir : C:\Users\Pravin.Tambe\Downloads\AI-Pestest-Bot-main\AI-Pestest-Bot-main\logs\sessions\20261007_125457_127.0.0.1_5000
=
  APEX Session Log
  Target  : http://127.0.0.1:5000
  Started : 2026-10-07 12:54:57
  Log Dir : C:\Users\Pravin.Tambe\Downloads\AI-Pestest-Bot-main\AI-Pestest-Bot-main\logs\sessions\20261007_125457_127.0.0.1_5000
=
  APEX Session Log
  Target  : http://127.0.0.1:5000
  Started : 2026-10-07 12:54:57
  Log Dir : C:\Users\Pravin.Tambe\Downloads\AI-Pestest-Bot-main\AI-Pestest-Bot-main\logs\sessions\20261007_125457_127.0.0.1_5000
=
  APEX Session Log
  Target  : http://127.0.0.1:5000
  Started : 2026-10-07 12:54:57
  Log Dir : C:\Users\Pravin.Tambe\Downloads\AI-Pestest-Bot-main\AI-Pestest-Bot-main\logs\sessions\20261007_125457_127.0.0.1_5000
=
  APEX Session Log
  Target  : http://127.0.0.1:5000
  Started : 2026-10-07 12:54:57
  Log Dir : C:\Users\Pravin.Tambe\Downloads\AI-Pestest-Bot-main\AI-Pestest-Bot-main\logs\sessions\20261007_125457_127.0.0.1_5000
=
  APEX Session Log
  Target  : http://127.0.0.1:5000
  Started : 2026-10-07 12:54:57
  Log Dir : C:\Users\Pravin.Tambe\Downloads\AI-Pestest-Bot-main\AI-Pestest-Bot-main\logs\sessions\20261007_125457_127.0.0.1_5000
=
  APEX Session Log
  Target  : http://127.0.0.1:5000
  Started : 2026-10-07 12:54:57
  Log Dir : C:\Users\Pravin.Tambe\Downloads\AI-Pestest-Bot-main\AI-Pestest-Bot-main\logs\sessions\20261007_125457_127.0.0.1_5000
=
  APEX Session Log
  Target  : http://127.0.0.1:5000
  Started : 2026-10-07 12:54:57
  Log Dir : C:\Users\Pravin.Tambe\Downloads\AI-Pestest-Bot-main\AI-Pestest-Bot-main\logs\sessions\20261007_125457_127.0.0.1_5000
=
  APEX Session Log
  Target  : http://127.0.0.1:5000
  Started : 2026-10-07 12:54:57
  Log Dir : C:\Users\Pravin.Tambe\Downloads\AI-Pestest-Bot-main\AI-Pestest-Bot-main\logs\sessions\20261007_125457_127.0.0.1_5000
=
  APEX Session Log
  Target  : http://127.0.0.1:5000
  Started : 2026-10-07 12:54:57
  Log Dir : C:\Users\Pravin.Tambe\Downloads\AI-Pestest-Bot-main\AI-Pestest-Bot-main\logs\sessions\20261007_125457_127.0.0.1_5000
=
  APEX Session Log
  Target  : http://127.0.0.1:5000
  Started : 2026-10-07 12:54:57
  Log Dir : C:\Users\Pravin.Tambe\Downloads\AI-Pestest-Bot-main\AI-Pestest-Bot-main\logs\sessions\20261007_125457_127.0.0.1_5000
=
  APEX Session Log
  Target  : http://127.0.0.1:5000
  Started : 2026-10-07 12:54:57
  Log Dir : C:\Users\Pravin.Tambe\Downloads\AI-Pestest-Bot-main\AI-Pestest-Bot-main\logs\sessions\20261007_125457_127.0.0.1_5000
=
  APEX Session Log
  Target  : http://127.0.0.1:5000
  Started : 2026-10-07 12:54:57
  Log Dir : C:\Users\Pravin.Tambe\Downloads\AI-Pestest-Bot-main\AI-Pestest-Bot-main\logs\sessions\20261007_125457_127.0.0.1_5000
=
  APEX Session Log
  Target  : http://127.0.0.1:5000
  Started : 2026-10-07 12:54:57
  Log Dir : C:\Users\Pravin.Tambe\Downloads\AI-Pestest-Bot-main\AI-Pestest-Bot-main\logs\sessions\20261007_125457_127.0.0.1_5000
=
  APEX Session Log
  Target  : http://127.0.0.1:5000
  Started : 2026-10-07 12:54:57
  Log Dir : C:\Users\Pravin.Tambe\Downloads\AI-Pestest-Bot-main\AI-Pestest-Bot-main\logs\sessions\20261007_125457_127.0.0.1_5000
=
  APEX Session Log
  Target  : http://127.0.0.1:5000
  Started : 2026-10-07 12:54:57
  Log Dir : C:\Users\Pravin.Tambe\Downloads\AI-Pestest-Bot-main\AI-Pestest-Bot-main\logs\sessions\20261007_125457_127.0.0.1_5000
=
  APEX Session Log
  Target  : http://127.0.0.1:5000
  Started : 2026-10-07 12:54:57
  Log Dir : C:\Users\Pravin.Tambe\Downloads\AI-Pestest-Bot-main\AI-Pestest-Bot-main\logs\sessions\20261007_125457_127.0.0.1_5000
=
  APEX Session Log
  Target  : http://127.0.0.1:5000
  Started : 2026-10-07 12:54:57
  Log Dir : C:\Users\Pravin.Tambe\Downloads\AI-Pestest-Bot-main\AI-Pestest-Bot-main\logs\sessions\20261007_125457_127.0.0.1_5000
=
  APEX Session Log
  Target  : http://127.0.0.1:5000
  Started : 2026-10-07 12:54:57
  Log Dir : C:\Users\Pravin.Tambe\Downloads\AI-Pestest-Bot-main\AI-Pestest-Bot-main\logs\sessions\20261007_125457_127.0.0.1_5000
=
  APEX Session Log
  Target  : http://127.0.0.1:5000
  Started : 2026-10-07 12:54:57
  Log Dir : C:\Users\Pravin.Tambe\Downloads\AI-Pestest-Bot-main\AI-Pestest-Bot-main\logs\sessions\20261007_125457_127.0.0.1_5000
=
  APEX Session Log
  Target  : http://127.0.0.1:5000
  Started : 2026-10-07 12:54:57
  Log Dir : C:\Users\Pravin.Tambe\Downloads\AI-Pestest-Bot-main\AI-Pestest-Bot-main\logs\sessions\20261007_125457_127.0.0.1_5000
=
  APEX Session Log
  Target  : http://127.0.0.1:5000
  Started : 2026-10-07 12:54:57
  Log Dir : C:\Users\Pravin.Tambe\Downloads\AI-Pestest-Bot-main\AI-Pestest-Bot-main\logs\sessions\20261007_125457_127.0.0.1_5000
=
  APEX Session Log
  Target  : http://127.0.0.1:5000
  Started : 2026-10-07 12:54:57
  Log Dir : C:\Users\Pravin.Tambe\Downloads\AI-Pestest-Bot-main\AI-Pestest-Bot-main\logs\sessions\20261007_125457_127.0.0.1_5000
=
  APEX Session Log
  Target  : http://127.0.0.1:5000
  Started : 2026-10-07 12:54:57
  Log Dir : C:\Users\Pravin.Tambe\Downloads\AI-Pestest-Bot-main\AI-Pestest-Bot-main\logs\sessions\20261007_125457_127.0.0.1_5000
=
  APEX Session Log
  Target  : http://127.0.0.1:5000
  Started : 2026-10-07 12:54:57
  Log Dir : C:\Users\Pravin.Tambe\Downloads\AI-Pestest-Bot-main\AI-Pestest-Bot-main\logs\sessions\20261007_125457_127.0.0.1_5000
=
  APEX Session Log
  Target  : http://127.0.0.1:5000
  Started : 2026-10-07 12:54:57
  Log Dir : C:\Users\Pravin.Tambe\Downloads\AI-Pestest-Bot-main\AI-Pestest-Bot-main\logs\sessions\20261007_125457_127.0.0.1_5000
=
  APEX Session Log
  Target  : http://127.0.0.1:5000
  Started : 2026-10-07 12:54:57
  Log Dir : C:\Users\Pravin.Tambe\Downloads\AI-Pestest-Bot-main\AI-Pestest-Bot-main\logs\sessions\20261007_125457_127.0.0.1_5000
=
  APEX Session Log
  Target  : http://127.0.0.1:5000
  Started : 2026-10-07 12:54:57
  Log Dir : C:\Users\Pravin.Tambe\Downloads\AI-Pestest-Bot-main\AI-Pestest-Bot-main\logs\sessions\20261007_125457_127.0.0.1_5000
=
  APEX Session Log
  Target  : http://127.0.0.1:5000
  Started : 2026-10-07 12:54:57
  Log Dir : C:\Users\Pravin.Tambe\Downloads\AI-Pestest-Bot-main\AI-Pestest-Bot-main\logs\sessions\20261007_125457_127.0.0.1_5000
=
  APEX Session Log
  Target  : http://127.0.0.1:5000
  Started : 2026-10-07 12:54:57
  Log Dir : C:\Users\Pravin.Tambe\Downloads\AI-Pestest-Bot-main\AI-Pestest-Bot-main\logs\sessions\20261007_125457_127.0.0.1_5000
=
  APEX Session Log
  Target  : http://127.0.0.1:5000
  Started : 2026-10-07 12:54:57
  Log Dir : C:\Users\Pravin.Tambe\Downloads\AI-Pestest-Bot-main\AI-Pestest-Bot-main\logs\sessions\20261007_125457_127.0.0.1_5000
=
  APEX Session Log
  Target  : http://127.0.0.1:5000
  Started : 2026-10-07 12:54:57
  Log Dir : C:\Users\Pravin.Tambe\Downloads\AI-Pestest-Bot-main\AI-Pestest-Bot-main\logs\sessions\20261007_125457_127.0.0.1_5000
=
  APEX Session Log
  Target  : http://127.0.0.1:5000
  Started : 2026-10-07 12:54:57
  Log Dir : C:\Users\Pravin.Tambe\Downloads\AI-Pestest-Bot-main\AI-Pestest-Bot-main\logs\sessions\20261007_125457_127.0.0.1_5000
=
  APEX Session Log
  Target  : http://127.0.0.1:5000
  Started : 2026-10-07 12:54:57
  Log Dir : C:\Users\Pravin.Tambe\Downloads\AI-Pestest-Bot-main\AI-Pestest-Bot-main\logs\sessions\20261007_125457_127.0.0.1_5000
=
  APEX Session Log
  Target  : http://127.0.0.1:5000
  Started : 2026-10-07 12:54:57
  Log Dir : C:\Users\Pravin.Tambe\Downloads\AI-Pestest-Bot-main\AI-Pestest-Bot-main\logs\sessions\20261007_125457_127.0.0.1_5000
=
  APEX Session Log
  Target  : http://127.0.0.1:5000
  Started : 2026-10-07 12:54:57
  Log Dir : C:\Users\Pravin.Tambe\Downloads\AI-Pestest-Bot-main\AI-Pestest-Bot-main\logs\sessions\20261007_125457_127.0.0.1_5000
=
  APEX Session Log
  Target  : http://127.0.0.1:5000
  Started : 2026-10-07 12:54:57
  Log Dir : C:\Users\Pravin.Tambe\Downloads\AI-Pestest-Bot-main\AI-Pestest-Bot-main\logs\sessions\20261007_125457_127.0.0.1_5000
=
  APEX Session Log
  Target  : http://127.0.0.1:5000
  Started : 2026-10-07 12:54:57
  Log Dir : C:\Users\Pravin.Tambe\Downloads\AI-Pestest-Bot-main\AI-Pestest-Bot-main\logs\sessions\20261007_125457_127.0.0.1_5000
=
  APEX Session Log
  Target  : http://127.0.0.1:5000
  Started : 2026-10-07 12:54:57
  Log Dir : C:\Users\Pravin.Tambe\Downloads\AI-Pestest-Bot-main\AI-Pestest-Bot-main\logs\sessions\20261007_125457_127.0.0.1_5000
=

[LOGGER] Session logging active -> logs\sessions\20261007_125457_127.0.0.1_5000

────────────────────────────────────────────────────────────────────────────────────────────────────
                                                       _                                            
                                                       \                                            
                            \         ___  ___  ___  _ _  ___   _  ___  _ _ _  _  _ _               
                           |\       / __>|_ _|| __>| | || __> | || . \| | | || || \ |               
                           /|       \__ \ | | | _> | ' || _>  | ||   /| | | || ||   |               
                          /'|       <___/ |_| |___>|__/ |___> |_||_\_\|__/_/ |_||_\_|               
                                    ,' //                         We will                           
                                  ,'..`/                         Miss You                           
               /   '/                Still I want to see the Video             _...._.---._         
             /:   ,'                                                         .' ,--. ,--.  \        
        ,'    ,                                                           | /... /...|  |,..._      
       ,'    /                                   _..---------..__         \.\_O_/  O /  '     \     
      .'  _, /                 .---..._       ,-'  __.-.....__   '-  ___.-----._'---'     ,'  |     
      |-`'  (                  |       `--..,'_,-''   '.     `''"-._( .-.'.--.         _.'   /      
       |      \                 |  ,.__     /,'  |      |      \     \ | / |  /      ,,'  __ /      
        |     .`.               /  .'  _)--..'    |       |     '\     \`  ..--:`     _.--' \       
     |   .'  .-.__           |  |,-' _.-\      |       |      |     |`\''''''''_.-'   ,' (__...'    
        \         ,-`''-- =--::|   \-'|    |     |       |      |     | `'.....-' .,:-'  |  \       
         `.    ,  /  /     '`. |   |  |    |     |       |      |     |  \__.-` `..      \   \      
        '.  /  /  /         '|   |  |    [     |       |       |    |    ,       '._    |  |fsr     
           `.  /  | .--------'    `-. |   '     |       |       |    |,L______       `--..   \      
             ``.  | \               |-^---''".  |      |       .'    |.'      ``-..._         \     
                `.-..\.__...---....,'-.....--'`'"-........_____|.. `'                `'`--..../     
                                              A P E X                                               
                             AI REINFORCEMENT LEARNING PENTESTING AGENT                             
                                Session Started: 2026-10-07 12:54:57                                
────────────────────────────────────────────────────────────────────────────────────────────────────

┌──────────────────────────────────────────────────────────────────────────────────────────────────┐
│ TARGET INFORMATION                                                                                │
├──────────────────────────────────────────────────────────────────────────────────────────────────│
│ URL: http://127.0.0.1:5000                                                                      │
│ Mode: LIVE                                                                                      │
│ Agent: RL-PPO Enhanced with Dynamic Analysis                                                      │
└──────────────────────────────────────────────────────────────────────────────────────────────────┘

======================================================================
AGENT PERSISTENT MEMORY & ACCUMULATED EXPERIENCE
======================================================================
  * Total Sessions Executed    : 8
  * Lifetime Experience Score  : 27.125
  * Best Session Score         : 2.000
  * Model Policy Weight Updates: Epoch #8
  * Known Target Applications  : 2
  * Discovered Endpoints Total : 6
  * Confirmed Findings Total   : 1
======================================================================

Loading trained model...
[*] Found Observation-Driven model: ./models/observation_model_final.zip
Successfully loaded: C:\Users\Pravin.Tambe\Downloads\AI-Pestest-Bot-main\AI-Pestest-Bot-main\models\observation_model_final.zip
Starting live test with model [Observation-Driven (16-D State)]: C:\Users\Pravin.Tambe\Downloads\AI-Pestest-Bot-main\AI-Pestest-Bot-main\models\observation_model_final.zip

────────────────────────────────────────────────────────────────────────────────────────────────────
🤖 AI STEP 01/10: DISCOVERY: AI-Powered Crawling │ Progress: [░░░░░░░░░░░░░░░░░░░░░░░░░░░░░░░░░░░░░░░░] 0.0%
────────────────────────────────────────────────────────────────────────────────────────────────────
Session Time: 0:00:01              │ Current Phase: DYNAMIC ANALYSIS
Agent Intelligence:
  Session Learning Score  : 0.000
  Lifetime Experience     : 27.125
  Confidence Score        : 0.000
Queue Status: 0 targets, 0 JS files pending

📊 Agent State: INITIALIZING...

🎯 Reward: -5.0 | Total: -5.0

────────────────────────────────────────────────────────────────────────────────────────────────────
🤖 AI STEP 02/10: DISCOVERY: AI-Powered Crawling │ Progress: [████░░░░░░░░░░░░░░░░░░░░░░░░░░░░░░░░░░░░] 10.0%
────────────────────────────────────────────────────────────────────────────────────────────────────
Session Time: 0:00:01              │ Current Phase: DYNAMIC ANALYSIS
Agent Intelligence:
  Session Learning Score  : 0.000
  Lifetime Experience     : 27.125
  Confidence Score        : 0.000
Queue Status: 0 targets, 0 JS files pending

📊 Agent State: INITIALIZING...

🎯 Reward: -5.0 | Total: -10.0

────────────────────────────────────────────────────────────────────────────────────────────────────
🤖 AI STEP 03/10: DISCOVERY: AI-Powered Crawling │ Progress: [████████░░░░░░░░░░░░░░░░░░░░░░░░░░░░░░░░] 20.0%
────────────────────────────────────────────────────────────────────────────────────────────────────
Session Time: 0:00:02              │ Current Phase: DYNAMIC ANALYSIS
Agent Intelligence:
  Session Learning Score  : 0.000
  Lifetime Experience     : 27.125
  Confidence Score        : 0.000
Queue Status: 0 targets, 0 JS files pending

📊 Agent State: INITIALIZING...

🎯 Reward: -5.0 | Total: -15.0

────────────────────────────────────────────────────────────────────────────────────────────────────
🤖 AI STEP 04/10: DISCOVERY: AI-Powered Crawling │ Progress: [████████████░░░░░░░░░░░░░░░░░░░░░░░░░░░░] 30.0%
────────────────────────────────────────────────────────────────────────────────────────────────────
Session Time: 0:00:02              │ Current Phase: DYNAMIC ANALYSIS
Agent Intelligence:
  Session Learning Score  : 0.000
  Lifetime Experience     : 27.125
  Confidence Score        : 0.000
Queue Status: 0 targets, 0 JS files pending

📊 Agent State: INITIALIZING...

🎯 Reward: -5.0 | Total: -20.0

────────────────────────────────────────────────────────────────────────────────────────────────────
🤖 AI STEP 05/10: DISCOVERY: AI-Powered Crawling │ Progress: [████████████████░░░░░░░░░░░░░░░░░░░░░░░░] 40.0%
────────────────────────────────────────────────────────────────────────────────────────────────────
Session Time: 0:00:03              │ Current Phase: DYNAMIC ANALYSIS
Agent Intelligence:
  Session Learning Score  : 0.000
  Lifetime Experience     : 27.125
  Confidence Score        : 0.000
Queue Status: 0 targets, 0 JS files pending

📊 Agent State: INITIALIZING...

🎯 Reward: -5.0 | Total: -25.0

────────────────────────────────────────────────────────────────────────────────────────────────────
🤖 AI STEP 06/10: DISCOVERY: AI-Powered Crawling │ Progress: [████████████████████░░░░░░░░░░░░░░░░░░░░] 50.0%
────────────────────────────────────────────────────────────────────────────────────────────────────
Session Time: 0:00:04              │ Current Phase: DYNAMIC ANALYSIS
Agent Intelligence:
  Session Learning Score  : 0.000
  Lifetime Experience     : 27.125
  Confidence Score        : 0.000
Queue Status: 0 targets, 0 JS files pending

📊 Agent State: INITIALIZING...

🎯 Reward: -5.0 | Total: -30.0

────────────────────────────────────────────────────────────────────────────────────────────────────
🤖 AI STEP 07/10: DISCOVERY: AI-Powered Crawling │ Progress: [████████████████████████░░░░░░░░░░░░░░░░] 60.0%
────────────────────────────────────────────────────────────────────────────────────────────────────
Session Time: 0:00:04              │ Current Phase: DYNAMIC ANALYSIS
Agent Intelligence:
  Session Learning Score  : 0.000
  Lifetime Experience     : 27.125
  Confidence Score        : 0.000
Queue Status: 0 targets, 0 JS files pending

📊 Agent State: INITIALIZING...

🎯 Reward: -5.0 | Total: -35.0

────────────────────────────────────────────────────────────────────────────────────────────────────
🤖 AI STEP 08/10: DISCOVERY: AI-Powered Crawling │ Progress: [████████████████████████████░░░░░░░░░░░░] 70.0%
────────────────────────────────────────────────────────────────────────────────────────────────────
Session Time: 0:00:05              │ Current Phase: DYNAMIC ANALYSIS
Agent Intelligence:
  Session Learning Score  : 0.000
  Lifetime Experience     : 27.125
  Confidence Score        : 0.000
Queue Status: 0 targets, 0 JS files pending

📊 Agent State: INITIALIZING...

🎯 Reward: -5.0 | Total: -40.0

────────────────────────────────────────────────────────────────────────────────────────────────────
🤖 AI STEP 09/10: DISCOVERY: AI-Powered Crawling │ Progress: [████████████████████████████████░░░░░░░░] 80.0%
────────────────────────────────────────────────────────────────────────────────────────────────────
Session Time: 0:00:05              │ Current Phase: DYNAMIC ANALYSIS
Agent Intelligence:
  Session Learning Score  : 0.000
  Lifetime Experience     : 27.125
  Confidence Score        : 0.000
Queue Status: 0 targets, 0 JS files pending

📊 Agent State: INITIALIZING...

🎯 Reward: -5.0 | Total: -45.0

────────────────────────────────────────────────────────────────────────────────────────────────────
🤖 AI STEP 10/10: DISCOVERY: AI-Powered Crawling │ Progress: [████████████████████████████████████░░░░] 90.0%
────────────────────────────────────────────────────────────────────────────────────────────────────
Session Time: 0:00:06              │ Current Phase: DYNAMIC ANALYSIS
Agent Intelligence:
  Session Learning Score  : 0.000
  Lifetime Experience     : 27.125
  Confidence Score        : 0.000
Queue Status: 0 targets, 0 JS files pending

📊 Agent State: INITIALIZING...

🎯 Reward: -5.0 | Total: -50.0

================================================================================
🧠 CONTINUOUS LEARNING: UPDATING NEURAL POLICY & PERSISTENT MEMORY
================================================================================
[*] Continuous training update note: Observation spaces do not match: Box(0.0, 1.0, (16,), float32) != Discrete(5)
[MEMORY] ✅ Persistent memory successfully saved -> C:\Users\Pravin.Tambe\Downloads\AI-Pestest-Bot-main\AI-Pestest-Bot-main\agent_memory.json

====================================================================================================
                                  AI PENTESTING AGENT FINAL REPORT                                  
====================================================================================================

🎯 Target: http://127.0.0.1:5000
🕒 Session Duration: 0:00:06
🐾 Steps Taken: 10
💰 Total Reward: -50.0
----------------------------------------------------------------------------------------------------

✅ No vulnerabilities confirmed in this session.

====================================================================================================
FINAL PERFORMANCE & PERSISTENT STATUS:
  Session Learning Score   : 0.000
  Lifetime Experience Score: 27.175
  Session Confidence Score : 0.000
  Total Sessions Mastered  : 9
  Discovered Endpoints Pool: 6
  Policy Weight Version    : Epoch #8
  Model File Saved To      : C:\Users\Pravin.Tambe\Downloads\AI-Pestest-Bot-main\AI-Pestest-Bot-main\models\observation_model_final.zip
  ASSESSMENT: No vulnerabilities found in this session.


================================================================================
  Session Ended  : 2026-10-07 12:55:03
  Duration       : 00h 00m 06s
  Findings       : 0
  Payloads Tested: 0
=
  Session Ended  : 2026-10-07 12:55:03
  Duration       : 00h 00m 06s
  Findings       : 0
  Payloads Tested: 0
=
  Session Ended  : 2026-10-07 12:55:03
  Duration       : 00h 00m 06s
  Findings       : 0
  Payloads Tested: 0
=
  Session Ended  : 2026-10-07 12:55:03
  Duration       : 00h 00m 06s
  Findings       : 0
  Payloads Tested: 0
=
  Session Ended  : 2026-10-07 12:55:03
  Duration       : 00h 00m 06s
  Findings       : 0
  Payloads Tested: 0
=
  Session Ended  : 2026-10-07 12:55:03
  Duration       : 00h 00m 06s
  Findings       : 0
  Payloads Tested: 0
=
  Session Ended  : 2026-10-07 12:55:03
  Duration       : 00h 00m 06s
  Findings       : 0
  Payloads Tested: 0
=
  Session Ended  : 2026-10-07 12:55:03
  Duration       : 00h 00m 06s
  Findings       : 0
  Payloads Tested: 0
=
  Session Ended  : 2026-10-07 12:55:03
  Duration       : 00h 00m 06s
  Findings       : 0
  Payloads Tested: 0
=
  Session Ended  : 2026-10-07 12:55:03
  Duration       : 00h 00m 06s
  Findings       : 0
  Payloads Tested: 0
=
  Session Ended  : 2026-10-07 12:55:03
  Duration       : 00h 00m 06s
  Findings       : 0
  Payloads Tested: 0
=
  Session Ended  : 2026-10-07 12:55:03
  Duration       : 00h 00m 06s
  Findings       : 0
  Payloads Tested: 0
=
  Session Ended  : 2026-10-07 12:55:03
  Duration       : 00h 00m 06s
  Findings       : 0
  Payloads Tested: 0
=
  Session Ended  : 2026-10-07 12:55:03
  Duration       : 00h 00m 06s
  Findings       : 0
  Payloads Tested: 0
=
  Session Ended  : 2026-10-07 12:55:03
  Duration       : 00h 00m 06s
  Findings       : 0
  Payloads Tested: 0
=
  Session Ended  : 2026-10-07 12:55:03
  Duration       : 00h 00m 06s
  Findings       : 0
  Payloads Tested: 0
=
  Session Ended  : 2026-10-07 12:55:03
  Duration       : 00h 00m 06s
  Findings       : 0
  Payloads Tested: 0
=
  Session Ended  : 2026-10-07 12:55:03
  Duration       : 00h 00m 06s
  Findings       : 0
  Payloads Tested: 0
=
  Session Ended  : 2026-10-07 12:55:03
  Duration       : 00h 00m 06s
  Findings       : 0
  Payloads Tested: 0
=
  Session Ended  : 2026-10-07 12:55:03
  Duration       : 00h 00m 06s
  Findings       : 0
  Payloads Tested: 0
=
  Session Ended  : 2026-10-07 12:55:03
  Duration       : 00h 00m 06s
  Findings       : 0
  Payloads Tested: 0
=
  Session Ended  : 2026-10-07 12:55:03
  Duration       : 00h 00m 06s
  Findings       : 0
  Payloads Tested: 0
=
  Session Ended  : 2026-10-07 12:55:03
  Duration       : 00h 00m 06s
  Findings       : 0
  Payloads Tested: 0
=
  Session Ended  : 2026-10-07 12:55:03
  Duration       : 00h 00m 06s
  Findings       : 0
  Payloads Tested: 0
=
  Session Ended  : 2026-10-07 12:55:03
  Duration       : 00h 00m 06s
  Findings       : 0
  Payloads Tested: 0
=
  Session Ended  : 2026-10-07 12:55:03
  Duration       : 00h 00m 06s
  Findings       : 0
  Payloads Tested: 0
=
  Session Ended  : 2026-10-07 12:55:03
  Duration       : 00h 00m 06s
  Findings       : 0
  Payloads Tested: 0
=
  Session Ended  : 2026-10-07 12:55:03
  Duration       : 00h 00m 06s
  Findings       : 0
  Payloads Tested: 0
=
  Session Ended  : 2026-10-07 12:55:03
  Duration       : 00h 00m 06s
  Findings       : 0
  Payloads Tested: 0
=
  Session Ended  : 2026-10-07 12:55:03
  Duration       : 00h 00m 06s
  Findings       : 0
  Payloads Tested: 0
=
  Session Ended  : 2026-10-07 12:55:03
  Duration       : 00h 00m 06s
  Findings       : 0
  Payloads Tested: 0
=
  Session Ended  : 2026-10-07 12:55:03
  Duration       : 00h 00m 06s
  Findings       : 0
  Payloads Tested: 0
=
  Session Ended  : 2026-10-07 12:55:03
  Duration       : 00h 00m 06s
  Findings       : 0
  Payloads Tested: 0
=
  Session Ended  : 2026-10-07 12:55:03
  Duration       : 00h 00m 06s
  Findings       : 0
  Payloads Tested: 0
=
  Session Ended  : 2026-10-07 12:55:03
  Duration       : 00h 00m 06s
  Findings       : 0
  Payloads Tested: 0
=
  Session Ended  : 2026-10-07 12:55:03
  Duration       : 00h 00m 06s
  Findings       : 0
  Payloads Tested: 0
=
  Session Ended  : 2026-10-07 12:55:03
  Duration       : 00h 00m 06s
  Findings       : 0
  Payloads Tested: 0
=
  Session Ended  : 2026-10-07 12:55:03
  Duration       : 00h 00m 06s
  Findings       : 0
  Payloads Tested: 0
=
  Session Ended  : 2026-10-07 12:55:03
  Duration       : 00h 00m 06s
  Findings       : 0
  Payloads Tested: 0
=
  Session Ended  : 2026-10-07 12:55:03
  Duration       : 00h 00m 06s
  Findings       : 0
  Payloads Tested: 0
=
  Session Ended  : 2026-10-07 12:55:03
  Duration       : 00h 00m 06s
  Findings       : 0
  Payloads Tested: 0
=
  Session Ended  : 2026-10-07 12:55:03
  Duration       : 00h 00m 06s
  Findings       : 0
  Payloads Tested: 0
=
  Session Ended  : 2026-10-07 12:55:03
  Duration       : 00h 00m 06s
  Findings       : 0
  Payloads Tested: 0
=
  Session Ended  : 2026-10-07 12:55:03
  Duration       : 00h 00m 06s
  Findings       : 0
  Payloads Tested: 0
=
  Session Ended  : 2026-10-07 12:55:03
  Duration       : 00h 00m 06s
  Findings       : 0
  Payloads Tested: 0
=
  Session Ended  : 2026-10-07 12:55:03
  Duration       : 00h 00m 06s
  Findings       : 0
  Payloads Tested: 0
=
  Session Ended  : 2026-10-07 12:55:03
  Duration       : 00h 00m 06s
  Findings       : 0
  Payloads Tested: 0
=
  Session Ended  : 2026-10-07 12:55:03
  Duration       : 00h 00m 06s
  Findings       : 0
  Payloads Tested: 0
=
  Session Ended  : 2026-10-07 12:55:03
  Duration       : 00h 00m 06s
  Findings       : 0
  Payloads Tested: 0
=
  Session Ended  : 2026-10-07 12:55:03
  Duration       : 00h 00m 06s
  Findings       : 0
  Payloads Tested: 0
=
  Session Ended  : 2026-10-07 12:55:03
  Duration       : 00h 00m 06s
  Findings       : 0
  Payloads Tested: 0
=
  Session Ended  : 2026-10-07 12:55:03
  Duration       : 00h 00m 06s
  Findings       : 0
  Payloads Tested: 0
=
  Session Ended  : 2026-10-07 12:55:03
  Duration       : 00h 00m 06s
  Findings       : 0
  Payloads Tested: 0
=
  Session Ended  : 2026-10-07 12:55:03
  Duration       : 00h 00m 06s
  Findings       : 0
  Payloads Tested: 0
=
  Session Ended  : 2026-10-07 12:55:03
  Duration       : 00h 00m 06s
  Findings       : 0
  Payloads Tested: 0
=
  Session Ended  : 2026-10-07 12:55:03
  Duration       : 00h 00m 06s
  Findings       : 0
  Payloads Tested: 0
=
  Session Ended  : 2026-10-07 12:55:03
  Duration       : 00h 00m 06s
  Findings       : 0
  Payloads Tested: 0
=
  Session Ended  : 2026-10-07 12:55:03
  Duration       : 00h 00m 06s
  Findings       : 0
  Payloads Tested: 0
=
  Session Ended  : 2026-10-07 12:55:03
  Duration       : 00h 00m 06s
  Findings       : 0
  Payloads Tested: 0
=
  Session Ended  : 2026-10-07 12:55:03
  Duration       : 00h 00m 06s
  Findings       : 0
  Payloads Tested: 0
=
  Session Ended  : 2026-10-07 12:55:03
  Duration       : 00h 00m 06s
  Findings       : 0
  Payloads Tested: 0
=
  Session Ended  : 2026-10-07 12:55:03
  Duration       : 00h 00m 06s
  Findings       : 0
  Payloads Tested: 0
=
  Session Ended  : 2026-10-07 12:55:03
  Duration       : 00h 00m 06s
  Findings       : 0
  Payloads Tested: 0
=
  Session Ended  : 2026-10-07 12:55:03
  Duration       : 00h 00m 06s
  Findings       : 0
  Payloads Tested: 0
=
  Session Ended  : 2026-10-07 12:55:03
  Duration       : 00h 00m 06s
  Findings       : 0
  Payloads Tested: 0
=
  Session Ended  : 2026-10-07 12:55:03
  Duration       : 00h 00m 06s
  Findings       : 0
  Payloads Tested: 0
=
  Session Ended  : 2026-10-07 12:55:03
  Duration       : 00h 00m 06s
  Findings       : 0
  Payloads Tested: 0
=
  Session Ended  : 2026-10-07 12:55:03
  Duration       : 00h 00m 06s
  Findings       : 0
  Payloads Tested: 0
=
  Session Ended  : 2026-10-07 12:55:03
  Duration       : 00h 00m 06s
  Findings       : 0
  Payloads Tested: 0
=
  Session Ended  : 2026-10-07 12:55:03
  Duration       : 00h 00m 06s
  Findings       : 0
  Payloads Tested: 0
=
  Session Ended  : 2026-10-07 12:55:03
  Duration       : 00h 00m 06s
  Findings       : 0
  Payloads Tested: 0
=
  Session Ended  : 2026-10-07 12:55:03
  Duration       : 00h 00m 06s
  Findings       : 0
  Payloads Tested: 0
=
  Session Ended  : 2026-10-07 12:55:03
  Duration       : 00h 00m 06s
  Findings       : 0
  Payloads Tested: 0
=
  Session Ended  : 2026-10-07 12:55:03
  Duration       : 00h 00m 06s
  Findings       : 0
  Payloads Tested: 0
=
  Session Ended  : 2026-10-07 12:55:03
  Duration       : 00h 00m 06s
  Findings       : 0
  Payloads Tested: 0
=
  Session Ended  : 2026-10-07 12:55:03
  Duration       : 00h 00m 06s
  Findings       : 0
  Payloads Tested: 0
=
  Session Ended  : 2026-10-07 12:55:03
  Duration       : 00h 00m 06s
  Findings       : 0
  Payloads Tested: 0
=
  Session Ended  : 2026-10-07 12:55:03
  Duration       : 00h 00m 06s
  Findings       : 0
  Payloads Tested: 0
=
  Session Ended  : 2026-10-07 12:55:03
  Duration       : 00h 00m 06s
  Findings       : 0
  Payloads Tested: 0
=
  Session Ended  : 2026-10-07 12:55:03
  Duration       : 00h 00m 06s
  Findings       : 0
  Payloads Tested: 0
=
